<html>
<body>
<pre>
<h1>µVision Build Log</h1>
<h2>Tool Versions:</h2>
IDE-Version: ¦ÌVision V5.29.0.0
Copyright (C) 2019 ARM Ltd and ARM Germany GmbH. All rights reserved.
License Information: wall ying, nanosic, LIC=03C6R-KUVEM-8TQ3P-MF5LI-ILF2Z-CUCW2
 
Tool Versions:
Toolchain:       MDK-ARM Plus  Version: 5.29.0.0
Toolchain Path:  C:\mySoftWares\Keil_v5\ARM\ARMCC\Bin
C Compiler:      Armcc.exe V5.06 update 6 (build 750)
Assembler:       Armasm.exe V5.06 update 6 (build 750)
Linker/Locator:  ArmLink.exe V5.06 update 6 (build 750)
Library Manager: ArmAr.exe V5.06 update 6 (build 750)
Hex Converter:   FromElf.exe V5.06 update 6 (build 750)
CPU DLL:         SARMCM3.DLL V5.29.0.0
Dialog DLL:      DCM.DLL V1.17.3.0
Target DLL:      CMSIS_AGDI.dll V1.32.0.0
Dialog DLL:      TCM.DLL V1.36.5.0
 
<h2>Project:</h2>
D:\code\BlueTooth\SH\movebot\jiaozheng\git\code\ES32W3120_SDK_V1.00\Projects\ES32W3120\Example_ALD\GPIO\02_exti\MDK-ARM\02_exti.uvprojx
Project File Date:  09/28/2021

<h2>Output:</h2>
*** Using Compiler 'V5.06 update 6 (build 750)', folder: 'C:\mySoftWares\Keil_v5\ARM\ARMCC\Bin'
Build target 'target'
compiling bsp_led.c...
compiling bsp_dx_bt24_t.c...
..\bsp\bsp_dx_bt24_t.c(148): warning:  #177-D: variable "tx_buf_temp"  was declared but never referenced
      char tx_buf_temp[20] = "AT+LADDR\r\n";
..\bsp\bsp_dx_bt24_t.c(149): warning:  #177-D: variable "i"  was declared but never referenced
      uint8_t i = 0;
..\bsp\bsp_dx_bt24_t.c(150): warning:  #177-D: variable "p"  was declared but never referenced
      char *p = NULL;
..\bsp\bsp_dx_bt24_t.c(151): warning:  #177-D: variable "high"  was declared but never referenced
      uint8_t high = 0;
..\bsp\bsp_dx_bt24_t.c(152): warning:  #177-D: variable "low"  was declared but never referenced
      uint8_t low = 0;
..\bsp\bsp_dx_bt24_t.c: 5 warnings, 0 errors
compiling bsp_power.c...
compiling app_ble.c...
compiling bsp_time.c...
compiling bsp_flash.c...
compiling app_calculate.c...
compiling bsp_system.c...
compiling task_bluetooth.c...
compiling bsp_mpu6050.c...
..\bsp\bsp_mpu6050.c(124): warning:  #177-D: function "iic_write_len"  was declared but never referenced
  static void iic_write_len(uint8_t reg, uint8_t len, uint8_t *buf)
..\bsp\bsp_mpu6050.c: 1 warning, 0 errors
compiling task_measure.c...
linking...
Program Size: Code=26612 RO-data=1004 RW-data=128 ZI-data=5816  
FromELF: creating hex file...
".\obj\out.axf" - 0 Error(s), 6 Warning(s).

<h2>Software Packages used:</h2>

Package Vendor: Eastsoft
                http://www.essemi.com/Eastsoft.ES32_DFP.1.0.8.pack
                Eastsoft.ES32_DFP.1.0.8
                Eastsoft ES32F0 Series Device Support, Drivers and Examples

<h2>Collection of Component include folders:</h2>
  .\RTE\_target
  C:\Users\wally\AppData\Local\Arm\Packs\Eastsoft\ES32_DFP\1.0.8\Device\Include

<h2>Collection of Component Files used:</h2>
Build Time Elapsed:  00:00:04
</pre>
</body>
</html>
